Archive member included to satisfy reference by file (symbol)

/opt/st/stm32cubeide_1.4.0/plugins/com.st.stm32cube.ide.mcu.externaltools.gnu-tools-for-stm32.7-2018-q2-update.linux64_1.4.0.202007081208/tools/bin/../lib/gcc/arm-none-eabi/7.3.1/../../../../arm-none-eabi/lib/thumb/v7e-m/fpv4-sp/hard/libc_nano.a(lib_a-errno.o)
                              Core/Src/syscalls.o (__errno)
/opt/st/stm32cubeide_1.4.0/plugins/com.st.stm32cube.ide.mcu.externaltools.gnu-tools-for-stm32.7-2018-q2-update.linux64_1.4.0.202007081208/tools/bin/../lib/gcc/arm-none-eabi/7.3.1/../../../../arm-none-eabi/lib/thumb/v7e-m/fpv4-sp/hard/libc_nano.a(lib_a-exit.o)
                              /opt/st/stm32cubeide_1.4.0/plugins/com.st.stm32cube.ide.mcu.externaltools.gnu-tools-for-stm32.7-2018-q2-update.linux64_1.4.0.202007081208/tools/bin/../lib/gcc/arm-none-eabi/7.3.1/../../../../arm-none-eabi/lib/thumb/v7e-m/fpv4-sp/hard/crt0.o (exit)
/opt/st/stm32cubeide_1.4.0/plugins/com.st.stm32cube.ide.mcu.externaltools.gnu-tools-for-stm32.7-2018-q2-update.linux64_1.4.0.202007081208/tools/bin/../lib/gcc/arm-none-eabi/7.3.1/../../../../arm-none-eabi/lib/thumb/v7e-m/fpv4-sp/hard/libc_nano.a(lib_a-impure.o)
                              /opt/st/stm32cubeide_1.4.0/plugins/com.st.stm32cube.ide.mcu.externaltools.gnu-tools-for-stm32.7-2018-q2-update.linux64_1.4.0.202007081208/tools/bin/../lib/gcc/arm-none-eabi/7.3.1/../../../../arm-none-eabi/lib/thumb/v7e-m/fpv4-sp/hard/libc_nano.a(lib_a-exit.o) (_global_impure_ptr)
/opt/st/stm32cubeide_1.4.0/plugins/com.st.stm32cube.ide.mcu.externaltools.gnu-tools-for-stm32.7-2018-q2-update.linux64_1.4.0.202007081208/tools/bin/../lib/gcc/arm-none-eabi/7.3.1/../../../../arm-none-eabi/lib/thumb/v7e-m/fpv4-sp/hard/libc_nano.a(lib_a-init.o)
                              /opt/st/stm32cubeide_1.4.0/plugins/com.st.stm32cube.ide.mcu.externaltools.gnu-tools-for-stm32.7-2018-q2-update.linux64_1.4.0.202007081208/tools/bin/../lib/gcc/arm-none-eabi/7.3.1/../../../../arm-none-eabi/lib/thumb/v7e-m/fpv4-sp/hard/crt0.o (__libc_init_array)
/opt/st/stm32cubeide_1.4.0/plugins/com.st.stm32cube.ide.mcu.externaltools.gnu-tools-for-stm32.7-2018-q2-update.linux64_1.4.0.202007081208/tools/bin/../lib/gcc/arm-none-eabi/7.3.1/../../../../arm-none-eabi/lib/thumb/v7e-m/fpv4-sp/hard/libc_nano.a(lib_a-memset.o)
                              /opt/st/stm32cubeide_1.4.0/plugins/com.st.stm32cube.ide.mcu.externaltools.gnu-tools-for-stm32.7-2018-q2-update.linux64_1.4.0.202007081208/tools/bin/../lib/gcc/arm-none-eabi/7.3.1/../../../../arm-none-eabi/lib/thumb/v7e-m/fpv4-sp/hard/crt0.o (memset)
/opt/st/stm32cubeide_1.4.0/plugins/com.st.stm32cube.ide.mcu.externaltools.gnu-tools-for-stm32.7-2018-q2-update.linux64_1.4.0.202007081208/tools/bin/../lib/gcc/arm-none-eabi/7.3.1/thumb/v7e-m/fpv4-sp/hard/libgcc.a(_aeabi_uldivmod.o)
                              Drivers/STM32G4xx_HAL_Driver/Src/stm32g4xx_hal_uart.o (__aeabi_uldivmod)
/opt/st/stm32cubeide_1.4.0/plugins/com.st.stm32cube.ide.mcu.externaltools.gnu-tools-for-stm32.7-2018-q2-update.linux64_1.4.0.202007081208/tools/bin/../lib/gcc/arm-none-eabi/7.3.1/thumb/v7e-m/fpv4-sp/hard/libgcc.a(_udivmoddi4.o)
                              /opt/st/stm32cubeide_1.4.0/plugins/com.st.stm32cube.ide.mcu.externaltools.gnu-tools-for-stm32.7-2018-q2-update.linux64_1.4.0.202007081208/tools/bin/../lib/gcc/arm-none-eabi/7.3.1/thumb/v7e-m/fpv4-sp/hard/libgcc.a(_aeabi_uldivmod.o) (__udivmoddi4)
/opt/st/stm32cubeide_1.4.0/plugins/com.st.stm32cube.ide.mcu.externaltools.gnu-tools-for-stm32.7-2018-q2-update.linux64_1.4.0.202007081208/tools/bin/../lib/gcc/arm-none-eabi/7.3.1/thumb/v7e-m/fpv4-sp/hard/libgcc.a(_dvmd_tls.o)
                              /opt/st/stm32cubeide_1.4.0/plugins/com.st.stm32cube.ide.mcu.externaltools.gnu-tools-for-stm32.7-2018-q2-update.linux64_1.4.0.202007081208/tools/bin/../lib/gcc/arm-none-eabi/7.3.1/thumb/v7e-m/fpv4-sp/hard/libgcc.a(_aeabi_uldivmod.o) (__aeabi_ldiv0)

Allocating common symbols
Common symbol       size              file

uwTick              0x4               Drivers/STM32G4xx_HAL_Driver/Src/stm32g4xx_hal.o
hlpuart1            0x8c              Core/Src/main.o
hfdcan1             0x64              Core/Src/main.o
RxData              0x8               Core/Src/main.o
TxHeader            0x24              Core/Src/main.o
RxHeader            0x28              Core/Src/main.o

Discarded input sections

 .text          0x0000000000000000        0x0 /opt/st/stm32cubeide_1.4.0/plugins/com.st.stm32cube.ide.mcu.externaltools.gnu-tools-for-stm32.7-2018-q2-update.linux64_1.4.0.202007081208/tools/bin/../lib/gcc/arm-none-eabi/7.3.1/thumb/v7e-m/fpv4-sp/hard/crti.o
 .data          0x0000000000000000        0x0 /opt/st/stm32cubeide_1.4.0/plugins/com.st.stm32cube.ide.mcu.externaltools.gnu-tools-for-stm32.7-2018-q2-update.linux64_1.4.0.202007081208/tools/bin/../lib/gcc/arm-none-eabi/7.3.1/thumb/v7e-m/fpv4-sp/hard/crti.o
[...]
Memory Configuration

Name             Origin             Length             Attributes
RAM              0x0000000020000000 0x0000000000020000 xrw
FLASH            0x0000000008000000 0x0000000000080000 xr
*default*        0x0000000000000000 0xffffffffffffffff

Linker script and memory map

LOAD /opt/st/stm32cubeide_1.4.0/plugins/com.st.stm32cube.ide.mcu.externaltools.gnu-tools-for-stm32.7-2018-q2-update.linux64_1.4.0.202007081208/tools/bin/../lib/gcc/arm-none-eabi/7.3.1/thumb/v7e-m/fpv4-sp/hard/crti.o
LOAD /opt/st/stm32cubeide_1.4.0/plugins/com.st.stm32cube.ide.mcu.externaltools.gnu-tools-for-stm32.7-2018-q2-update.linux64_1.4.0.202007081208/tools/bin/../lib/gcc/arm-none-eabi/7.3.1/thumb/v7e-m/fpv4-sp/hard/crtbegin.o
LOAD /opt/st/stm32cubeide_1.4.0/plugins/com.st.stm32cube.ide.mcu.externaltools.gnu-tools-for-stm32.7-2018-q2-update.linux64_1.4.0.202007081208/tools/bin/../lib/gcc/arm-none-eabi/7.3.1/../../../../arm-none-eabi/lib/thumb/v7e-m/fpv4-sp/hard/crt0.o
LOAD Core/Src/main.o
LOAD Core/Src/stm32g4xx_hal_msp.o
LOAD Core/Src/stm32g4xx_it.o
LOAD Core/Src/syscalls.o
LOAD Core/Src/sysmem.o
LOAD Core/Src/system_stm32g4xx.o
LOAD Core/Startup/startup_stm32g474retx.o
LOAD Drivers/STM32G4xx_HAL_Driver/Src/stm32g4xx_hal.o
LOAD Drivers/STM32G4xx_HAL_Driver/Src/stm32g4xx_hal_cortex.o
LOAD Drivers/STM32G4xx_HAL_Driver/Src/stm32g4xx_hal_dma.o
LOAD Drivers/STM32G4xx_HAL_Driver/Src/stm32g4xx_hal_dma_ex.o
LOAD Drivers/STM32G4xx_HAL_Driver/Src/stm32g4xx_hal_exti.o
LOAD Drivers/STM32G4xx_HAL_Driver/Src/stm32g4xx_hal_fdcan.o
LOAD Drivers/STM32G4xx_HAL_Driver/Src/stm32g4xx_hal_flash.o
LOAD Drivers/STM32G4xx_HAL_Driver/Src/stm32g4xx_hal_flash_ex.o
LOAD Drivers/STM32G4xx_HAL_Driver/Src/stm32g4xx_hal_flash_ramfunc.o
LOAD Drivers/STM32G4xx_HAL_Driver/Src/stm32g4xx_hal_gpio.o
LOAD Drivers/STM32G4xx_HAL_Driver/Src/stm32g4xx_hal_pwr.o
LOAD Drivers/STM32G4xx_HAL_Driver/Src/stm32g4xx_hal_pwr_ex.o
LOAD Drivers/STM32G4xx_HAL_Driver/Src/stm32g4xx_hal_rcc.o
LOAD Drivers/STM32G4xx_HAL_Driver/Src/stm32g4xx_hal_rcc_ex.o
LOAD Drivers/STM32G4xx_HAL_Driver/Src/stm32g4xx_hal_tim.o
LOAD Drivers/STM32G4xx_HAL_Driver/Src/stm32g4xx_hal_tim_ex.o
LOAD Drivers/STM32G4xx_HAL_Driver/Src/stm32g4xx_hal_uart.o
LOAD Drivers/STM32G4xx_HAL_Driver/Src/stm32g4xx_hal_uart_ex.o
START GROUP
LOAD /opt/st/stm32cubeide_1.4.0/plugins/com.st.stm32cube.ide.mcu.externaltools.gnu-tools-for-stm32.7-2018-q2-update.linux64_1.4.0.202007081208/tools/bin/../lib/gcc/arm-none-eabi/7.3.1/../../../../arm-none-eabi/lib/thumb/v7e-m/fpv4-sp/hard/libc_nano.a
LOAD /opt/st/stm32cubeide_1.4.0/plugins/com.st.stm32cube.ide.mcu.externaltools.gnu-tools-for-stm32.7-2018-q2-update.linux64_1.4.0.202007081208/tools/bin/../lib/gcc/arm-none-eabi/7.3.1/../../../../arm-none-eabi/lib/thumb/v7e-m/fpv4-sp/hard/libm.a
END GROUP
START GROUP
LOAD /opt/st/stm32cubeide_1.4.0/plugins/com.st.stm32cube.ide.mcu.externaltools.gnu-tools-for-stm32.7-2018-q2-update.linux64_1.4.0.202007081208/tools/bin/../lib/gcc/arm-none-eabi/7.3.1/thumb/v7e-m/fpv4-sp/hard/libgcc.a
LOAD /opt/st/stm32cubeide_1.4.0/plugins/com.st.stm32cube.ide.mcu.externaltools.gnu-tools-for-stm32.7-2018-q2-update.linux64_1.4.0.202007081208/tools/bin/../lib/gcc/arm-none-eabi/7.3.1/../../../../arm-none-eabi/lib/thumb/v7e-m/fpv4-sp/hard/libc_nano.a
END GROUP
START GROUP
LOAD /opt/st/stm32cubeide_1.4.0/plugins/com.st.stm32cube.ide.mcu.externaltools.gnu-tools-for-stm32.7-2018-q2-update.linux64_1.4.0.202007081208/tools/bin/../lib/gcc/arm-none-eabi/7.3.1/thumb/v7e-m/fpv4-sp/hard/libgcc.a
LOAD /opt/st/stm32cubeide_1.4.0/plugins/com.st.stm32cube.ide.mcu.externaltools.gnu-tools-for-stm32.7-2018-q2-update.linux64_1.4.0.202007081208/tools/bin/../lib/gcc/arm-none-eabi/7.3.1/../../../../arm-none-eabi/lib/thumb/v7e-m/fpv4-sp/hard/libc_nano.a
LOAD /opt/st/stm32cubeide_1.4.0/plugins/com.st.stm32cube.ide.mcu.externaltools.gnu-tools-for-stm32.7-2018-q2-update.linux64_1.4.0.202007081208/tools/bin/../lib/gcc/arm-none-eabi/7.3.1/../../../../arm-none-eabi/lib/thumb/v7e-m/fpv4-sp/hard/libnosys.a
END GROUP
START GROUP
LOAD /opt/st/stm32cubeide_1.4.0/plugins/com.st.stm32cube.ide.mcu.externaltools.gnu-tools-for-stm32.7-2018-q2-update.linux64_1.4.0.202007081208/tools/bin/../lib/gcc/arm-none-eabi/7.3.1/thumb/v7e-m/fpv4-sp/hard/libgcc.a
LOAD /opt/st/stm32cubeide_1.4.0/plugins/com.st.stm32cube.ide.mcu.externaltools.gnu-tools-for-stm32.7-2018-q2-update.linux64_1.4.0.202007081208/tools/bin/../lib/gcc/arm-none-eabi/7.3.1/../../../../arm-none-eabi/lib/thumb/v7e-m/fpv4-sp/hard/libc_nano.a
LOAD /opt/st/stm32cubeide_1.4.0/plugins/com.st.stm32cube.ide.mcu.externaltools.gnu-tools-for-stm32.7-2018-q2-update.linux64_1.4.0.202007081208/tools/bin/../lib/gcc/arm-none-eabi/7.3.1/../../../../arm-none-eabi/lib/thumb/v7e-m/fpv4-sp/hard/libnosys.a
END GROUP
LOAD /opt/st/stm32cubeide_1.4.0/plugins/com.st.stm32cube.ide.mcu.externaltools.gnu-tools-for-stm32.7-2018-q2-update.linux64_1.4.0.202007081208/tools/bin/../lib/gcc/arm-none-eabi/7.3.1/thumb/v7e-m/fpv4-sp/hard/crtend.o
LOAD /opt/st/stm32cubeide_1.4.0/plugins/com.st.stm32cube.ide.mcu.externaltools.gnu-tools-for-stm32.7-2018-q2-update.linux64_1.4.0.202007081208/tools/bin/../lib/gcc/arm-none-eabi/7.3.1/thumb/v7e-m/fpv4-sp/hard/crtn.o
                0x0000000020020000                _estack = (ORIGIN (RAM) + LENGTH (RAM))
                0x0000000000000200                _Min_Heap_Size = 0x200
                0x0000000000000400                _Min_Stack_Size = 0x400

.isr_vector     0x0000000008000000      0x1d8
                0x0000000008000000                . = ALIGN (0x4)
 *(.isr_vector)
 .isr_vector    0x0000000008000000      0x1d8 Core/Startup/startup_stm32g474retx.o
                0x0000000008000000                g_pfnVectors
                0x00000000080001d8                . = ALIGN (0x4)

.text           0x00000000080001d8     0x3308
                0x00000000080001d8                . = ALIGN (0x4)
 *(.text)
 .text          0x00000000080001d8       0x40 /opt/st/stm32cubeide_1.4.0/plugins/com.st.stm32cube.ide.mcu.externaltools.gnu-tools-for-stm32.7-2018-q2-update.linux64_1.4.0.202007081208/tools/bin/../lib/gcc/arm-none-eabi/7.3.1/thumb/v7e-m/fpv4-sp/hard/crtbegin.o
 .text          0x0000000008000218       0x30 /opt/st/stm32cubeide_1.4.0/plugins/com.st.stm32cube.ide.mcu.externaltools.gnu-tools-for-stm32.7-2018-q2-update.linux64_1.4.0.202007081208/tools/bin/../lib/gcc/arm-none-eabi/7.3.1/thumb/v7e-m/fpv4-sp/hard/libgcc.a(_aeabi_uldivmod.o)
                0x0000000008000218                __aeabi_uldivmod
 .text          0x0000000008000248      0x2cc /opt/st/stm32cubeide_1.4.0/plugins/com.st.stm32cube.ide.mcu.externaltools.gnu-tools-for-stm32.7-2018-q2-update.linux64_1.4.0.202007081208/tools/bin/../lib/gcc/arm-none-eabi/7.3.1/thumb/v7e-m/fpv4-sp/hard/libgcc.a(_udivmoddi4.o)
                0x0000000008000248                __udivmoddi4
 .text          0x0000000008000514        0x4 /opt/st/stm32cubeide_1.4.0/plugins/com.st.stm32cube.ide.mcu.externaltools.gnu-tools-for-stm32.7-2018-q2-update.linux64_1.4.0.202007081208/tools/bin/../lib/gcc/arm-none-eabi/7.3.1/thumb/v7e-m/fpv4-sp/hard/libgcc.a(_dvmd_tls.o)
                0x0000000008000514                __aeabi_ldiv0
                0x0000000008000514                __aeabi_idiv0
 *(.text*)
 .text.main     0x0000000008000518       0x64 Core/Src/main.o
                0x0000000008000518                main
 .text.SystemClock_Config
                0x000000000800057c       0xda Core/Src/main.o
                0x000000000800057c                SystemClock_Config
 *fill*         0x0000000008000656        0x2 
 .text.MX_FDCAN1_Init
                0x0000000008000658       0x8c Core/Src/main.o
 .text.MX_LPUART1_UART_Init
                0x00000000080006e4       0x8c Core/Src/main.o
 .text.MX_GPIO_Init
                0x0000000008000770       0xe0 Core/Src/main.o
 .text.FDCAN_Config
                0x0000000008000850       0xac Core/Src/main.o
 .text.Error_Handler
                0x00000000080008fc        0xe Core/Src/main.o
                0x00000000080008fc                Error_Handler
 *fill*         0x000000000800090a        0x2 
 .text.HAL_MspInit
                0x000000000800090c       0x48 Core/Src/stm32g4xx_hal_msp.o
                0x000000000800090c                HAL_MspInit
 .text.HAL_FDCAN_MspInit
                0x0000000008000954       0x88 Core/Src/stm32g4xx_hal_msp.o
                0x0000000008000954                HAL_FDCAN_MspInit
 .text.HAL_UART_MspInit
                0x00000000080009dc       0x84 Core/Src/stm32g4xx_hal_msp.o
                0x00000000080009dc                HAL_UART_MspInit
 .text.NMI_Handler
                0x0000000008000a60        0xe Core/Src/stm32g4xx_it.o
                0x0000000008000a60                NMI_Handler
 .text.HardFault_Handler
                0x0000000008000a6e        0x6 Core/Src/stm32g4xx_it.o
                0x0000000008000a6e                HardFault_Handler
 .text.MemManage_Handler
                0x0000000008000a74        0x6 Core/Src/stm32g4xx_it.o
                0x0000000008000a74                MemManage_Handler
 .text.BusFault_Handler
                0x0000000008000a7a        0x6 Core/Src/stm32g4xx_it.o
                0x0000000008000a7a                BusFault_Handler
 .text.UsageFault_Handler
                0x0000000008000a80        0x6 Core/Src/stm32g4xx_it.o
                0x0000000008000a80                UsageFault_Handler
 .text.SVC_Handler
                0x0000000008000a86        0xe Core/Src/stm32g4xx_it.o
                0x0000000008000a86                SVC_Handler
 .text.DebugMon_Handler
                0x0000000008000a94        0xe Core/Src/stm32g4xx_it.o
                0x0000000008000a94                DebugMon_Handler
 .text.PendSV_Handler
                0x0000000008000aa2        0xe Core/Src/stm32g4xx_it.o
                0x0000000008000aa2                PendSV_Handler
 .text.SysTick_Handler
                0x0000000008000ab0        0xc Core/Src/stm32g4xx_it.o
                0x0000000008000ab0                SysTick_Handler
 .text.EXTI15_10_IRQHandler
                0x0000000008000abc       0x10 Core/Src/stm32g4xx_it.o
                0x0000000008000abc                EXTI15_10_IRQHandler
 .text.SystemInit
                0x0000000008000acc       0x2c Core/Src/system_stm32g4xx.o
                0x0000000008000acc                SystemInit
 .text.Reset_Handler
                0x0000000008000af8       0x50 Core/Startup/startup_stm32g474retx.o
                0x0000000008000af8                Reset_Handler
 .text.Default_Handler
                0x0000000008000b48        0x2 Core/Startup/startup_stm32g474retx.o
                0x0000000008000b48                RTC_Alarm_IRQHandler
                0x0000000008000b48                EXTI2_IRQHandler
                0x0000000008000b48                TIM8_TRG_COM_IRQHandler
                0x0000000008000b48                TIM8_CC_IRQHandler
                0x0000000008000b48                HRTIM1_Master_IRQHandler
                0x0000000008000b48                SPI4_IRQHandler
                0x0000000008000b48                FDCAN3_IT0_IRQHandler
                0x0000000008000b48                TIM1_CC_IRQHandler
                0x0000000008000b48                HRTIM1_FLT_IRQHandler
                0x0000000008000b48                HRTIM1_TIMF_IRQHandler
                0x0000000008000b48                USB_HP_IRQHandler
                0x0000000008000b48                CORDIC_IRQHandler
                0x0000000008000b48                HRTIM1_TIMD_IRQHandler
                0x0000000008000b48                DMA2_Channel8_IRQHandler
                0x0000000008000b48                EXTI3_IRQHandler
                0x0000000008000b48                I2C3_ER_IRQHandler
                0x0000000008000b48                EXTI0_IRQHandler
                0x0000000008000b48                I2C2_EV_IRQHandler
                0x0000000008000b48                FPU_IRQHandler
                0x0000000008000b48                FDCAN1_IT1_IRQHandler
                0x0000000008000b48                TIM1_UP_TIM16_IRQHandler
                0x0000000008000b48                ADC1_2_IRQHandler
                0x0000000008000b48                HRTIM1_TIME_IRQHandler
                0x0000000008000b48                SPI1_IRQHandler
                0x0000000008000b48                TIM6_DAC_IRQHandler
                0x0000000008000b48                HRTIM1_TIMC_IRQHandler
                0x0000000008000b48                TIM8_UP_IRQHandler
                0x0000000008000b48                DMA2_Channel2_IRQHandler
                0x0000000008000b48                DMA1_Channel4_IRQHandler
                0x0000000008000b48                TIM20_TRG_COM_IRQHandler
                0x0000000008000b48                USART3_IRQHandler
                0x0000000008000b48                DMA1_Channel7_IRQHandler
                0x0000000008000b48                UART5_IRQHandler
                0x0000000008000b48                ADC3_IRQHandler
                0x0000000008000b48                TIM4_IRQHandler
                0x0000000008000b48                DMA2_Channel1_IRQHandler
                0x0000000008000b48                QUADSPI_IRQHandler
                0x0000000008000b48                I2C1_EV_IRQHandler
                0x0000000008000b48                DMA1_Channel6_IRQHandler
                0x0000000008000b48                UART4_IRQHandler
                0x0000000008000b48                DMA2_Channel4_IRQHandler
                0x0000000008000b48                TIM3_IRQHandler
                0x0000000008000b48                RCC_IRQHandler
                0x0000000008000b48                TIM20_UP_IRQHandler
                0x0000000008000b48                DMA1_Channel1_IRQHandler
                0x0000000008000b48                Default_Handler
                0x0000000008000b48                DMA2_Channel7_IRQHandler
                0x0000000008000b48                RTC_TAMP_LSECSS_IRQHandler
                0x0000000008000b48                FMAC_IRQHandler
                0x0000000008000b48                DMA1_Channel8_IRQHandler
                0x0000000008000b48                HRTIM1_TIMA_IRQHandler
                0x0000000008000b48                TIM7_DAC_IRQHandler
                0x0000000008000b48                FDCAN3_IT1_IRQHandler
                0x0000000008000b48                TIM5_IRQHandler
                0x0000000008000b48                UCPD1_IRQHandler
                0x0000000008000b48                I2C3_EV_IRQHandler
                0x0000000008000b48                EXTI9_5_IRQHandler
                0x0000000008000b48                RTC_WKUP_IRQHandler
                0x0000000008000b48                PVD_PVM_IRQHandler
                0x0000000008000b48                SPI2_IRQHandler
                0x0000000008000b48                ADC5_IRQHandler
                0x0000000008000b48                DMA2_Channel5_IRQHandler
                0x0000000008000b48                CRS_IRQHandler
                0x0000000008000b48                DMA1_Channel5_IRQHandler
                0x0000000008000b48                USB_LP_IRQHandler
                0x0000000008000b48                EXTI4_IRQHandler
                0x0000000008000b48                RNG_IRQHandler
                0x0000000008000b48                HRTIM1_TIMB_IRQHandler
                0x0000000008000b48                TIM1_TRG_COM_TIM17_IRQHandler
                0x0000000008000b48                FDCAN2_IT1_IRQHandler
                0x0000000008000b48                DMA1_Channel3_IRQHandler
                0x0000000008000b48                ADC4_IRQHandler
                0x0000000008000b48                WWDG_IRQHandler
                0x0000000008000b48                I2C4_EV_IRQHandler
                0x0000000008000b48                FDCAN2_IT0_IRQHandler
                0x0000000008000b48                LPUART1_IRQHandler
                0x0000000008000b48                DMA2_Channel6_IRQHandler
                0x0000000008000b48                FDCAN1_IT0_IRQHandler
                0x0000000008000b48                TIM2_IRQHandler
                0x0000000008000b48                COMP7_IRQHandler
                0x0000000008000b48                COMP1_2_3_IRQHandler
                0x0000000008000b48                EXTI1_IRQHandler
                0x0000000008000b48                USART2_IRQHandler
                0x0000000008000b48                COMP4_5_6_IRQHandler
                0x0000000008000b48                TIM20_BRK_IRQHandler
                0x0000000008000b48                I2C2_ER_IRQHandler
                0x0000000008000b48                DMA1_Channel2_IRQHandler
                0x0000000008000b48                TIM8_BRK_IRQHandler
                0x0000000008000b48                FLASH_IRQHandler
                0x0000000008000b48                TIM20_CC_IRQHandler
                0x0000000008000b48                USART1_IRQHandler
                0x0000000008000b48                SPI3_IRQHandler
                0x0000000008000b48                I2C1_ER_IRQHandler
                0x0000000008000b48                FMC_IRQHandler
                0x0000000008000b48                LPTIM1_IRQHandler
                0x0000000008000b48                DMAMUX_OVR_IRQHandler
                0x0000000008000b48                I2C4_ER_IRQHandler
                0x0000000008000b48                USBWakeUp_IRQHandler
                0x0000000008000b48                SAI1_IRQHandler
                0x0000000008000b48                DMA2_Channel3_IRQHandler
                0x0000000008000b48                TIM1_BRK_TIM15_IRQHandler
 .text.HAL_Init
                0x0000000008000b4a       0x30 Drivers/STM32G4xx_HAL_Driver/Src/stm32g4xx_hal.o
                0x0000000008000b4a                HAL_Init
 *fill*         0x0000000008000b7a        0x2 
 .text.HAL_InitTick
                0x0000000008000b7c       0x74 Drivers/STM32G4xx_HAL_Driver/Src/stm32g4xx_hal.o
                0x0000000008000b7c                HAL_InitTick
 .text.HAL_IncTick
                0x0000000008000bf0       0x24 Drivers/STM32G4xx_HAL_Driver/Src/stm32g4xx_hal.o
                0x0000000008000bf0                HAL_IncTick
 .text.HAL_GetTick
                0x0000000008000c14       0x18 Drivers/STM32G4xx_HAL_Driver/Src/stm32g4xx_hal.o
                0x0000000008000c14                HAL_GetTick
 .text.HAL_Delay
                0x0000000008000c2c       0x44 Drivers/STM32G4xx_HAL_Driver/Src/stm32g4xx_hal.o
                0x0000000008000c2c                HAL_Delay
 .text.__NVIC_SetPriorityGrouping
                0x0000000008000c70       0x48 Drivers/STM32G4xx_HAL_Driver/Src/stm32g4xx_hal_cortex.o
 .text.__NVIC_GetPriorityGrouping
                0x0000000008000cb8       0x1c Drivers/STM32G4xx_HAL_Driver/Src/stm32g4xx_hal_cortex.o
 .text.__NVIC_EnableIRQ
                0x0000000008000cd4       0x3c Drivers/STM32G4xx_HAL_Driver/Src/stm32g4xx_hal_cortex.o
 .text.__NVIC_SetPriority
                0x0000000008000d10       0x54 Drivers/STM32G4xx_HAL_Driver/Src/stm32g4xx_hal_cortex.o
 .text.NVIC_EncodePriority
                0x0000000008000d64       0x66 Drivers/STM32G4xx_HAL_Driver/Src/stm32g4xx_hal_cortex.o
 *fill*         0x0000000008000dca        0x2 
 .text.SysTick_Config
                0x0000000008000dcc       0x44 Drivers/STM32G4xx_HAL_Driver/Src/stm32g4xx_hal_cortex.o
 .text.HAL_NVIC_SetPriorityGrouping
                0x0000000008000e10       0x16 Drivers/STM32G4xx_HAL_Driver/Src/stm32g4xx_hal_cortex.o
                0x0000000008000e10                HAL_NVIC_SetPriorityGrouping
 .text.HAL_NVIC_SetPriority
                0x0000000008000e26       0x34 Drivers/STM32G4xx_HAL_Driver/Src/stm32g4xx_hal_cortex.o
                0x0000000008000e26                HAL_NVIC_SetPriority
 .text.HAL_NVIC_EnableIRQ
                0x0000000008000e5a       0x1c Drivers/STM32G4xx_HAL_Driver/Src/stm32g4xx_hal_cortex.o
                0x0000000008000e5a                HAL_NVIC_EnableIRQ
 .text.HAL_SYSTICK_Config
                0x0000000008000e76       0x18 Drivers/STM32G4xx_HAL_Driver/Src/stm32g4xx_hal_cortex.o
                0x0000000008000e76                HAL_SYSTICK_Config
 *fill*         0x0000000008000e8e        0x2 
 .text.HAL_FDCAN_Init
                0x0000000008000e90      0x2b4 Drivers/STM32G4xx_HAL_Driver/Src/stm32g4xx_hal_fdcan.o
                0x0000000008000e90                HAL_FDCAN_Init
 .text.HAL_FDCAN_ConfigFilter
                0x0000000008001144       0xb4 Drivers/STM32G4xx_HAL_Driver/Src/stm32g4xx_hal_fdcan.o
                0x0000000008001144                HAL_FDCAN_ConfigFilter
 .text.HAL_FDCAN_ConfigGlobalFilter
                0x00000000080011f8       0x62 Drivers/STM32G4xx_HAL_Driver/Src/stm32g4xx_hal_fdcan.o
                0x00000000080011f8                HAL_FDCAN_ConfigGlobalFilter
 .text.HAL_FDCAN_Start
                0x000000000800125a       0x50 Drivers/STM32G4xx_HAL_Driver/Src/stm32g4xx_hal_fdcan.o
                0x000000000800125a                HAL_FDCAN_Start
 .text.HAL_FDCAN_AddMessageToTxFifoQ
                0x00000000080012aa       0x88 Drivers/STM32G4xx_HAL_Driver/Src/stm32g4xx_hal_fdcan.o
                0x00000000080012aa                HAL_FDCAN_AddMessageToTxFifoQ
 *fill*         0x0000000008001332        0x2 
 .text.FDCAN_CalcultateRamBlockAddresses
                0x0000000008001334       0xd8 Drivers/STM32G4xx_HAL_Driver/Src/stm32g4xx_hal_fdcan.o
 .text.FDCAN_CopyMessageToRAM
                0x000000000800140c       0xf8 Drivers/STM32G4xx_HAL_Driver/Src/stm32g4xx_hal_fdcan.o
 .text.HAL_GPIO_Init
                0x0000000008001504      0x304 Drivers/STM32G4xx_HAL_Driver/Src/stm32g4xx_hal_gpio.o
                0x0000000008001504                HAL_GPIO_Init
 .text.HAL_GPIO_WritePin
                0x0000000008001808       0x30 Drivers/STM32G4xx_HAL_Driver/Src/stm32g4xx_hal_gpio.o
                0x0000000008001808                HAL_GPIO_WritePin
 .text.HAL_GPIO_TogglePin
                0x0000000008001838       0x34 Drivers/STM32G4xx_HAL_Driver/Src/stm32g4xx_hal_gpio.o
                0x0000000008001838                HAL_GPIO_TogglePin
 .text.HAL_GPIO_EXTI_IRQHandler
                0x000000000800186c       0x30 Drivers/STM32G4xx_HAL_Driver/Src/stm32g4xx_hal_gpio.o
                0x000000000800186c                HAL_GPIO_EXTI_IRQHandler
 .text.HAL_GPIO_EXTI_Callback
                0x000000000800189c       0x16 Drivers/STM32G4xx_HAL_Driver/Src/stm32g4xx_hal_gpio.o
                0x000000000800189c                HAL_GPIO_EXTI_Callback
 *fill*         0x00000000080018b2        0x2 
 .text.HAL_PWREx_ControlVoltageScaling
                0x00000000080018b4      0x148 Drivers/STM32G4xx_HAL_Driver/Src/stm32g4xx_hal_pwr_ex.o
                0x00000000080018b4                HAL_PWREx_ControlVoltageScaling
 .text.HAL_PWREx_DisableUCPDDeadBattery
                0x00000000080019fc       0x20 Drivers/STM32G4xx_HAL_Driver/Src/stm32g4xx_hal_pwr_ex.o
                0x00000000080019fc                HAL_PWREx_DisableUCPDDeadBattery
 .text.HAL_RCC_OscConfig
                0x0000000008001a1c      0x630 Drivers/STM32G4xx_HAL_Driver/Src/stm32g4xx_hal_rcc.o
                0x0000000008001a1c                HAL_RCC_OscConfig
 .text.HAL_RCC_ClockConfig
                0x000000000800204c      0x278 Drivers/STM32G4xx_HAL_Driver/Src/stm32g4xx_hal_rcc.o
                0x000000000800204c                HAL_RCC_ClockConfig
 .text.HAL_RCC_GetSysClockFreq
                0x00000000080022c4       0xc4 Drivers/STM32G4xx_HAL_Driver/Src/stm32g4xx_hal_rcc.o
                0x00000000080022c4                HAL_RCC_GetSysClockFreq
 .text.HAL_RCC_GetHCLKFreq
                0x0000000008002388       0x18 Drivers/STM32G4xx_HAL_Driver/Src/stm32g4xx_hal_rcc.o
                0x0000000008002388                HAL_RCC_GetHCLKFreq
 .text.HAL_RCC_GetPCLK1Freq
                0x00000000080023a0       0x2c Drivers/STM32G4xx_HAL_Driver/Src/stm32g4xx_hal_rcc.o
                0x00000000080023a0                HAL_RCC_GetPCLK1Freq
 .text.HAL_RCC_GetPCLK2Freq
                0x00000000080023cc       0x2c Drivers/STM32G4xx_HAL_Driver/Src/stm32g4xx_hal_rcc.o
                0x00000000080023cc                HAL_RCC_GetPCLK2Freq
 .text.RCC_GetSysClockFreqFromPLLSource
                0x00000000080023f8       0x8c Drivers/STM32G4xx_HAL_Driver/Src/stm32g4xx_hal_rcc.o
 .text.HAL_RCCEx_PeriphCLKConfig
                0x0000000008002484      0x498 Drivers/STM32G4xx_HAL_Driver/Src/stm32g4xx_hal_rcc_ex.o
                0x0000000008002484                HAL_RCCEx_PeriphCLKConfig
 .text.HAL_UART_Init
                0x000000000800291c       0xa0 Drivers/STM32G4xx_HAL_Driver/Src/stm32g4xx_hal_uart.o
                0x000000000800291c                HAL_UART_Init
 .text.UART_SetConfig
                0x00000000080029bc      0x5a4 Drivers/STM32G4xx_HAL_Driver/Src/stm32g4xx_hal_uart.o
                0x00000000080029bc                UART_SetConfig
 .text.UART_AdvFeatureConfig
                0x0000000008002f60      0x144 Drivers/STM32G4xx_HAL_Driver/Src/stm32g4xx_hal_uart.o
                0x0000000008002f60                UART_AdvFeatureConfig
 .text.UART_CheckIdleState
                0x00000000080030a4       0x90 Drivers/STM32G4xx_HAL_Driver/Src/stm32g4xx_hal_uart.o
                0x00000000080030a4                UART_CheckIdleState
 .text.UART_WaitOnFlagUntilTimeout
                0x0000000008003134      0x100 Drivers/STM32G4xx_HAL_Driver/Src/stm32g4xx_hal_uart.o
                0x0000000008003134                UART_WaitOnFlagUntilTimeout
 .text.HAL_UARTEx_DisableFifoMode
                0x0000000008003234       0x72 Drivers/STM32G4xx_HAL_Driver/Src/stm32g4xx_hal_uart_ex.o
                0x0000000008003234                HAL_UARTEx_DisableFifoMode
 .text.HAL_UARTEx_SetTxFifoThreshold
                0x00000000080032a6       0x7c Drivers/STM32G4xx_HAL_Driver/Src/stm32g4xx_hal_uart_ex.o
                0x00000000080032a6                HAL_UARTEx_SetTxFifoThreshold
 .text.HAL_UARTEx_SetRxFifoThreshold
                0x0000000008003322       0x7c Drivers/STM32G4xx_HAL_Driver/Src/stm32g4xx_hal_uart_ex.o
                0x0000000008003322                HAL_UARTEx_SetRxFifoThreshold
 *fill*         0x000000000800339e        0x2 
 .text.UARTEx_SetNbDataToProcess
                0x00000000080033a0       0xd0 Drivers/STM32G4xx_HAL_Driver/Src/stm32g4xx_hal_uart_ex.o
 .text.__libc_init_array
                0x0000000008003470       0x48 /opt/st/stm32cubeide_1.4.0/plugins/com.st.stm32cube.ide.mcu.externaltools.gnu-tools-for-stm32.7-2018-q2-update.linux64_1.4.0.202007081208/tools/bin/../lib/gcc/arm-none-eabi/7.3.1/../../../../arm-none-eabi/lib/thumb/v7e-m/fpv4-sp/hard/libc_nano.a(lib_a-init.o)
                0x0000000008003470                __libc_init_array
 .text.memset   0x00000000080034b8       0x10 /opt/st/stm32cubeide_1.4.0/plugins/com.st.stm32cube.ide.mcu.externaltools.gnu-tools-for-stm32.7-2018-q2-update.linux64_1.4.0.202007081208/tools/bin/../lib/gcc/arm-none-eabi/7.3.1/../../../../arm-none-eabi/lib/thumb/v7e-m/fpv4-sp/hard/libc_nano.a(lib_a-memset.o)
                0x00000000080034b8                memset
 *(.glue_7)
 .glue_7        0x00000000080034c8        0x0 linker stubs
 *(.glue_7t)
 .glue_7t       0x00000000080034c8        0x0 linker stubs
 *(.eh_frame)
 .eh_frame      0x00000000080034c8        0x0 /opt/st/stm32cubeide_1.4.0/plugins/com.st.stm32cube.ide.mcu.externaltools.gnu-tools-for-stm32.7-2018-q2-update.linux64_1.4.0.202007081208/tools/bin/../lib/gcc/arm-none-eabi/7.3.1/thumb/v7e-m/fpv4-sp/hard/crtbegin.o
 *(.init)
 .init          0x00000000080034c8        0x4 /opt/st/stm32cubeide_1.4.0/plugins/com.st.stm32cube.ide.mcu.externaltools.gnu-tools-for-stm32.7-2018-q2-update.linux64_1.4.0.202007081208/tools/bin/../lib/gcc/arm-none-eabi/7.3.1/thumb/v7e-m/fpv4-sp/hard/crti.o
                0x00000000080034c8                _init
 .init          0x00000000080034cc        0x8 /opt/st/stm32cubeide_1.4.0/plugins/com.st.stm32cube.ide.mcu.externaltools.gnu-tools-for-stm32.7-2018-q2-update.linux64_1.4.0.202007081208/tools/bin/../lib/gcc/arm-none-eabi/7.3.1/thumb/v7e-m/fpv4-sp/hard/crtn.o
 *(.fini)
 .fini          0x00000000080034d4        0x4 /opt/st/stm32cubeide_1.4.0/plugins/com.st.stm32cube.ide.mcu.externaltools.gnu-tools-for-stm32.7-2018-q2-update.linux64_1.4.0.202007081208/tools/bin/../lib/gcc/arm-none-eabi/7.3.1/thumb/v7e-m/fpv4-sp/hard/crti.o
                0x00000000080034d4                _fini
 .fini          0x00000000080034d8        0x8 /opt/st/stm32cubeide_1.4.0/plugins/com.st.stm32cube.ide.mcu.externaltools.gnu-tools-for-stm32.7-2018-q2-update.linux64_1.4.0.202007081208/tools/bin/../lib/gcc/arm-none-eabi/7.3.1/thumb/v7e-m/fpv4-sp/hard/crtn.o
                0x00000000080034e0                . = ALIGN (0x4)
                0x00000000080034e0                _etext = .

.vfp11_veneer   0x00000000080034e0        0x0
 .vfp11_veneer  0x00000000080034e0        0x0 linker stubs

.v4_bx          0x00000000080034e0        0x0
 .v4_bx         0x00000000080034e0        0x0 linker stubs

.iplt           0x00000000080034e0        0x0
 .iplt          0x00000000080034e0        0x0 /opt/st/stm32cubeide_1.4.0/plugins/com.st.stm32cube.ide.mcu.externaltools.gnu-tools-for-stm32.7-2018-q2-update.linux64_1.4.0.202007081208/tools/bin/../lib/gcc/arm-none-eabi/7.3.1/thumb/v7e-m/fpv4-sp/hard/crtbegin.o

.rodata         0x00000000080034e0       0x50
                0x00000000080034e0                . = ALIGN (0x4)
 *(.rodata)
 .rodata        0x00000000080034e0       0x10 Drivers/STM32G4xx_HAL_Driver/Src/stm32g4xx_hal_uart_ex.o
 *(.rodata*)
 .rodata.AHBPrescTable
                0x00000000080034f0       0x10 Core/Src/system_stm32g4xx.o
                0x00000000080034f0                AHBPrescTable
 .rodata.APBPrescTable
                0x0000000008003500        0x8 Core/Src/system_stm32g4xx.o
                0x0000000008003500                APBPrescTable
 .rodata.DLCtoBytes
                0x0000000008003508       0x10 Drivers/STM32G4xx_HAL_Driver/Src/stm32g4xx_hal_fdcan.o
 .rodata.UARTPrescTable
                0x0000000008003518       0x18 Drivers/STM32G4xx_HAL_Driver/Src/stm32g4xx_hal_uart.o
                0x0000000008003518                UARTPrescTable
                0x0000000008003530                . = ALIGN (0x4)

.ARM.extab      0x0000000008003530        0x0
                0x0000000008003530                . = ALIGN (0x4)
 *(.ARM.extab* .gnu.linkonce.armextab.*)
                0x0000000008003530                . = ALIGN (0x4)

.ARM            0x0000000008003530        0x8
                0x0000000008003530                . = ALIGN (0x4)
                0x0000000008003530                __exidx_start = .
 *(.ARM.exidx*)
 .ARM.exidx     0x0000000008003530        0x8 /opt/st/stm32cubeide_1.4.0/plugins/com.st.stm32cube.ide.mcu.externaltools.gnu-tools-for-stm32.7-2018-q2-update.linux64_1.4.0.202007081208/tools/bin/../lib/gcc/arm-none-eabi/7.3.1/thumb/v7e-m/fpv4-sp/hard/libgcc.a(_udivmoddi4.o)
                0x0000000008003538                __exidx_end = .
                0x0000000008003538                . = ALIGN (0x4)

.rel.dyn        0x0000000008003538        0x0
 .rel.iplt      0x0000000008003538        0x0 /opt/st/stm32cubeide_1.4.0/plugins/com.st.stm32cube.ide.mcu.externaltools.gnu-tools-for-stm32.7-2018-q2-update.linux64_1.4.0.202007081208/tools/bin/../lib/gcc/arm-none-eabi/7.3.1/thumb/v7e-m/fpv4-sp/hard/crtbegin.o

.preinit_array  0x0000000008003538        0x0
                0x0000000008003538                . = ALIGN (0x4)
                0x0000000008003538                PROVIDE (__preinit_array_start = .)
 *(.preinit_array*)
                0x0000000008003538                PROVIDE (__preinit_array_end = .)
                0x0000000008003538                . = ALIGN (0x4)

.init_array     0x0000000008003538        0x4
                0x0000000008003538                . = ALIGN (0x4)
                0x0000000008003538                PROVIDE (__init_array_start = .)
 *(SORT_BY_NAME(.init_array.*))
 *(.init_array*)
 .init_array    0x0000000008003538        0x4 /opt/st/stm32cubeide_1.4.0/plugins/com.st.stm32cube.ide.mcu.externaltools.gnu-tools-for-stm32.7-2018-q2-update.linux64_1.4.0.202007081208/tools/bin/../lib/gcc/arm-none-eabi/7.3.1/thumb/v7e-m/fpv4-sp/hard/crtbegin.o
                0x000000000800353c                PROVIDE (__init_array_end = .)
                0x000000000800353c                . = ALIGN (0x4)

.fini_array     0x000000000800353c        0x4
                0x000000000800353c                . = ALIGN (0x4)
                [!provide]                        PROVIDE (__fini_array_start = .)
 *(SORT_BY_NAME(.fini_array.*))
 *(.fini_array*)
 .fini_array    0x000000000800353c        0x4 /opt/st/stm32cubeide_1.4.0/plugins/com.st.stm32cube.ide.mcu.externaltools.gnu-tools-for-stm32.7-2018-q2-update.linux64_1.4.0.202007081208/tools/bin/../lib/gcc/arm-none-eabi/7.3.1/thumb/v7e-m/fpv4-sp/hard/crtbegin.o
                [!provide]                        PROVIDE (__fini_array_end = .)
                0x0000000008003540                . = ALIGN (0x4)
                0x0000000008003540                _sidata = LOADADDR (.data)

.data           0x0000000020000000       0x18 load address 0x0000000008003540
                0x0000000020000000                . = ALIGN (0x4)
                0x0000000020000000                _sdata = .
 *(.data)
 *(.data*)
 .data.TxData   0x0000000020000000        0x9 Core/Src/main.o
                0x0000000020000000                TxData
 *fill*         0x0000000020000009        0x3 
 .data.SystemCoreClock
                0x000000002000000c        0x4 Core/Src/system_stm32g4xx.o
                0x000000002000000c                SystemCoreClock
 .data.uwTickPrio
                0x0000000020000010        0x4 Drivers/STM32G4xx_HAL_Driver/Src/stm32g4xx_hal.o
                0x0000000020000010                uwTickPrio
 .data.uwTickFreq
                0x0000000020000014        0x4 Drivers/STM32G4xx_HAL_Driver/Src/stm32g4xx_hal.o
                0x0000000020000014                uwTickFreq
                0x0000000020000018                . = ALIGN (0x4)
                0x0000000020000018                _edata = .

.igot.plt       0x0000000020000018        0x0 load address 0x0000000008003558
 .igot.plt      0x0000000020000018        0x0 /opt/st/stm32cubeide_1.4.0/plugins/com.st.stm32cube.ide.mcu.externaltools.gnu-tools-for-stm32.7-2018-q2-update.linux64_1.4.0.202007081208/tools/bin/../lib/gcc/arm-none-eabi/7.3.1/thumb/v7e-m/fpv4-sp/hard/crtbegin.o
                0x0000000020000018                . = ALIGN (0x4)

.bss            0x0000000020000018      0x164 load address 0x0000000008003558
                0x0000000020000018                _sbss = .
                0x0000000020000018                __bss_start__ = _sbss
 *(.bss)
 .bss           0x0000000020000018       0x1c /opt/st/stm32cubeide_1.4.0/plugins/com.st.stm32cube.ide.mcu.externaltools.gnu-tools-for-stm32.7-2018-q2-update.linux64_1.4.0.202007081208/tools/bin/../lib/gcc/arm-none-eabi/7.3.1/thumb/v7e-m/fpv4-sp/hard/crtbegin.o
 *(.bss*)
 *(COMMON)
 COMMON         0x0000000020000034      0x144 Core/Src/main.o
                0x0000000020000034                hlpuart1
                0x00000000200000c0                hfdcan1
                0x0000000020000124                RxData
                0x000000002000012c                TxHeader
                0x0000000020000150                RxHeader
 COMMON         0x0000000020000178        0x4 Drivers/STM32G4xx_HAL_Driver/Src/stm32g4xx_hal.o
                0x0000000020000178                uwTick
                0x000000002000017c                . = ALIGN (0x4)
                0x000000002000017c                _ebss = .
                0x000000002000017c                __bss_end__ = _ebss

._user_heap_stack
                0x000000002000017c      0x604 load address 0x0000000008003558
                0x0000000020000180                . = ALIGN (0x8)
 *fill*         0x000000002000017c        0x4 
                [!provide]                        PROVIDE (end = .)
                0x0000000020000180                PROVIDE (_end = .)
                0x0000000020000380                . = (. + _Min_Heap_Size)
 *fill*         0x0000000020000180      0x200 
                0x0000000020000780                . = (. + _Min_Stack_Size)
 *fill*         0x0000000020000380      0x400 
                0x0000000020000780                . = ALIGN (0x8)

/DISCARD/
 libc.a(*)
 libm.a(*)
 libgcc.a(*)

.ARM.attributes
                0x0000000000000000       0x30
 *(.ARM.attributes)
 .ARM.attributes
                0x0000000000000000       0x22 /opt/st/stm32cubeide_1.4.0/plugins/com.st.stm32cube.ide.mcu.externaltools.gnu-tools-for-stm32.7-2018-q2-update.linux64_1.4.0.202007081208/tools/bin/../lib/gcc/arm-none-eabi/7.3.1/thumb/v7e-m/fpv4-sp/hard/crti.o
 .ARM.attributes
                0x0000000000000022       0x34 /opt/st/stm32cubeide_1.4.0/plugins/com.st.stm32cube.ide.mcu.externaltools.gnu-tools-for-stm32.7-2018-q2-update.linux64_1.4.0.202007081208/tools/bin/../lib/gcc/arm-none-eabi/7.3.1/thumb/v7e-m/fpv4-sp/hard/crtbegin.o
 .ARM.attributes
                0x0000000000000056       0x39 Core/Src/main.o
 .ARM.attributes
                0x000000000000008f       0x39 Core/Src/stm32g4xx_hal_msp.o
 .ARM.attributes
                0x00000000000000c8       0x39 Core/Src/stm32g4xx_it.o
 .ARM.attributes
                0x0000000000000101       0x39 Core/Src/system_stm32g4xx.o
 .ARM.attributes
                0x000000000000013a       0x21 Core/Startup/startup_stm32g474retx.o
 .ARM.attributes
                0x000000000000015b       0x39 Drivers/STM32G4xx_HAL_Driver/Src/stm32g4xx_hal.o
 .ARM.attributes
                0x0000000000000194       0x39 Drivers/STM32G4xx_HAL_Driver/Src/stm32g4xx_hal_cortex.o
 .ARM.attributes
                0x00000000000001cd       0x39 Drivers/STM32G4xx_HAL_Driver/Src/stm32g4xx_hal_fdcan.o
 .ARM.attributes
                0x0000000000000206       0x39 Drivers/STM32G4xx_HAL_Driver/Src/stm32g4xx_hal_gpio.o
 .ARM.attributes
                0x000000000000023f       0x39 Drivers/STM32G4xx_HAL_Driver/Src/stm32g4xx_hal_pwr_ex.o
 .ARM.attributes
                0x0000000000000278       0x39 Drivers/STM32G4xx_HAL_Driver/Src/stm32g4xx_hal_rcc.o
 .ARM.attributes
                0x00000000000002b1       0x39 Drivers/STM32G4xx_HAL_Driver/Src/stm32g4xx_hal_rcc_ex.o
 .ARM.attributes
                0x00000000000002ea       0x39 Drivers/STM32G4xx_HAL_Driver/Src/stm32g4xx_hal_uart.o
 .ARM.attributes
                0x0000000000000323       0x39 Drivers/STM32G4xx_HAL_Driver/Src/stm32g4xx_hal_uart_ex.o
 .ARM.attributes
                0x000000000000035c       0x34 /opt/st/stm32cubeide_1.4.0/plugins/com.st.stm32cube.ide.mcu.externaltools.gnu-tools-for-stm32.7-2018-q2-update.linux64_1.4.0.202007081208/tools/bin/../lib/gcc/arm-none-eabi/7.3.1/../../../../arm-none-eabi/lib/thumb/v7e-m/fpv4-sp/hard/libc_nano.a(lib_a-init.o)
 .ARM.attributes
                0x0000000000000390       0x34 /opt/st/stm32cubeide_1.4.0/plugins/com.st.stm32cube.ide.mcu.externaltools.gnu-tools-for-stm32.7-2018-q2-update.linux64_1.4.0.202007081208/tools/bin/../lib/gcc/arm-none-eabi/7.3.1/../../../../arm-none-eabi/lib/thumb/v7e-m/fpv4-sp/hard/libc_nano.a(lib_a-memset.o)
 .ARM.attributes
                0x00000000000003c4       0x22 /opt/st/stm32cubeide_1.4.0/plugins/com.st.stm32cube.ide.mcu.externaltools.gnu-tools-for-stm32.7-2018-q2-update.linux64_1.4.0.202007081208/tools/bin/../lib/gcc/arm-none-eabi/7.3.1/thumb/v7e-m/fpv4-sp/hard/libgcc.a(_aeabi_uldivmod.o)
 .ARM.attributes
                0x00000000000003e6       0x34 /opt/st/stm32cubeide_1.4.0/plugins/com.st.stm32cube.ide.mcu.externaltools.gnu-tools-for-stm32.7-2018-q2-update.linux64_1.4.0.202007081208/tools/bin/../lib/gcc/arm-none-eabi/7.3.1/thumb/v7e-m/fpv4-sp/hard/libgcc.a(_udivmoddi4.o)
 .ARM.attributes
                0x000000000000041a       0x22 /opt/st/stm32cubeide_1.4.0/plugins/com.st.stm32cube.ide.mcu.externaltools.gnu-tools-for-stm32.7-2018-q2-update.linux64_1.4.0.202007081208/tools/bin/../lib/gcc/arm-none-eabi/7.3.1/thumb/v7e-m/fpv4-sp/hard/libgcc.a(_dvmd_tls.o)
 .ARM.attributes
                0x000000000000043c       0x22 /opt/st/stm32cubeide_1.4.0/plugins/com.st.stm32cube.ide.mcu.externaltools.gnu-tools-for-stm32.7-2018-q2-update.linux64_1.4.0.202007081208/tools/bin/../lib/gcc/arm-none-eabi/7.3.1/thumb/v7e-m/fpv4-sp/hard/crtn.o
OUTPUT(G4.elf elf32-littlearm)

.debug_info     0x0000000000000000     0xc0ef
 .debug_info    0x0000000000000000     0x1875 Core/Src/main.o
 .debug_info    0x0000000000001875     0x1188 Core/Src/stm32g4xx_hal_msp.o
 .debug_info    0x00000000000029fd      0x340 Core/Src/stm32g4xx_it.o
 .debug_info    0x0000000000002d3d      0x6eb Core/Src/system_stm32g4xx.o
 .debug_info    0x0000000000003428       0x22 Core/Startup/startup_stm32g474retx.o
 .debug_info    0x000000000000344a      0xca0 Drivers/STM32G4xx_HAL_Driver/Src/stm32g4xx_hal.o
 .debug_info    0x00000000000040ea      0xfb1 Drivers/STM32G4xx_HAL_Driver/Src/stm32g4xx_hal_cortex.o
 .debug_info    0x000000000000509b     0x199c Drivers/STM32G4xx_HAL_Driver/Src/stm32g4xx_hal_fdcan.o
 .debug_info    0x0000000000006a37      0x99e Drivers/STM32G4xx_HAL_Driver/Src/stm32g4xx_hal_gpio.o
 .debug_info    0x00000000000073d5      0xad8 Drivers/STM32G4xx_HAL_Driver/Src/stm32g4xx_hal_pwr_ex.o
 .debug_info    0x0000000000007ead      0xd29 Drivers/STM32G4xx_HAL_Driver/Src/stm32g4xx_hal_rcc.o
 .debug_info    0x0000000000008bd6      0xde8 Drivers/STM32G4xx_HAL_Driver/Src/stm32g4xx_hal_rcc_ex.o
 .debug_info    0x00000000000099be     0x1a91 Drivers/STM32G4xx_HAL_Driver/Src/stm32g4xx_hal_uart.o
 .debug_info    0x000000000000b44f      0xca0 Drivers/STM32G4xx_HAL_Driver/Src/stm32g4xx_hal_uart_ex.o

.debug_abbrev   0x0000000000000000     0x1859
 .debug_abbrev  0x0000000000000000      0x1ee Core/Src/main.o
 .debug_abbrev  0x00000000000001ee      0x18c Core/Src/stm32g4xx_hal_msp.o
 .debug_abbrev  0x000000000000037a       0xe2 Core/Src/stm32g4xx_it.o
 .debug_abbrev  0x000000000000045c      0x147 Core/Src/system_stm32g4xx.o
 .debug_abbrev  0x00000000000005a3       0x12 Core/Startup/startup_stm32g474retx.o
 .debug_abbrev  0x00000000000005b5      0x1fb Drivers/STM32G4xx_HAL_Driver/Src/stm32g4xx_hal.o
 .debug_abbrev  0x00000000000007b0      0x2f1 Drivers/STM32G4xx_HAL_Driver/Src/stm32g4xx_hal_cortex.o
 .debug_abbrev  0x0000000000000aa1      0x1be Drivers/STM32G4xx_HAL_Driver/Src/stm32g4xx_hal_fdcan.o
 .debug_abbrev  0x0000000000000c5f      0x1c0 Drivers/STM32G4xx_HAL_Driver/Src/stm32g4xx_hal_gpio.o
 .debug_abbrev  0x0000000000000e1f      0x1fd Drivers/STM32G4xx_HAL_Driver/Src/stm32g4xx_hal_pwr_ex.o
 .debug_abbrev  0x000000000000101c      0x245 Drivers/STM32G4xx_HAL_Driver/Src/stm32g4xx_hal_rcc.o
 .debug_abbrev  0x0000000000001261      0x204 Drivers/STM32G4xx_HAL_Driver/Src/stm32g4xx_hal_rcc_ex.o
 .debug_abbrev  0x0000000000001465      0x212 Drivers/STM32G4xx_HAL_Driver/Src/stm32g4xx_hal_uart.o
 .debug_abbrev  0x0000000000001677      0x1e2 Drivers/STM32G4xx_HAL_Driver/Src/stm32g4xx_hal_uart_ex.o

.debug_aranges  0x0000000000000000      0xb30
 .debug_aranges
                0x0000000000000000       0x50 Core/Src/main.o
 .debug_aranges
                0x0000000000000050       0x40 Core/Src/stm32g4xx_hal_msp.o
 .debug_aranges
                0x0000000000000090       0x68 Core/Src/stm32g4xx_it.o
 .debug_aranges
                0x00000000000000f8       0x28 Core/Src/system_stm32g4xx.o
 .debug_aranges
                0x0000000000000120       0x28 Core/Startup/startup_stm32g474retx.o
 .debug_aranges
                0x0000000000000148      0x130 Drivers/STM32G4xx_HAL_Driver/Src/stm32g4xx_hal.o
 .debug_aranges
                0x0000000000000278      0x118 Drivers/STM32G4xx_HAL_Driver/Src/stm32g4xx_hal_cortex.o
 .debug_aranges
                0x0000000000000390      0x208 Drivers/STM32G4xx_HAL_Driver/Src/stm32g4xx_hal_fdcan.o
 .debug_aranges
                0x0000000000000598       0x58 Drivers/STM32G4xx_HAL_Driver/Src/stm32g4xx_hal_gpio.o
 .debug_aranges
                0x00000000000005f0      0x140 Drivers/STM32G4xx_HAL_Driver/Src/stm32g4xx_hal_pwr_ex.o
 .debug_aranges
                0x0000000000000730       0x98 Drivers/STM32G4xx_HAL_Driver/Src/stm32g4xx_hal_rcc.o
 .debug_aranges
                0x00000000000007c8       0xb0 Drivers/STM32G4xx_HAL_Driver/Src/stm32g4xx_hal_rcc_ex.o
 .debug_aranges
                0x0000000000000878      0x230 Drivers/STM32G4xx_HAL_Driver/Src/stm32g4xx_hal_uart.o
 .debug_aranges
                0x0000000000000aa8       0x88 Drivers/STM32G4xx_HAL_Driver/Src/stm32g4xx_hal_uart_ex.o

.debug_ranges   0x0000000000000000      0xa58
 .debug_ranges  0x0000000000000000       0x40 Core/Src/main.o
 .debug_ranges  0x0000000000000040       0x30 Core/Src/stm32g4xx_hal_msp.o
 .debug_ranges  0x0000000000000070       0x58 Core/Src/stm32g4xx_it.o
 .debug_ranges  0x00000000000000c8       0x18 Core/Src/system_stm32g4xx.o
 .debug_ranges  0x00000000000000e0       0x20 Core/Startup/startup_stm32g474retx.o
 .debug_ranges  0x0000000000000100      0x120 Drivers/STM32G4xx_HAL_Driver/Src/stm32g4xx_hal.o
 .debug_ranges  0x0000000000000220      0x108 Drivers/STM32G4xx_HAL_Driver/Src/stm32g4xx_hal_cortex.o
 .debug_ranges  0x0000000000000328      0x1f8 Drivers/STM32G4xx_HAL_Driver/Src/stm32g4xx_hal_fdcan.o
 .debug_ranges  0x0000000000000520       0x48 Drivers/STM32G4xx_HAL_Driver/Src/stm32g4xx_hal_gpio.o
 .debug_ranges  0x0000000000000568      0x130 Drivers/STM32G4xx_HAL_Driver/Src/stm32g4xx_hal_pwr_ex.o
 .debug_ranges  0x0000000000000698       0x88 Drivers/STM32G4xx_HAL_Driver/Src/stm32g4xx_hal_rcc.o
 .debug_ranges  0x0000000000000720       0xa0 Drivers/STM32G4xx_HAL_Driver/Src/stm32g4xx_hal_rcc_ex.o
 .debug_ranges  0x00000000000007c0      0x220 Drivers/STM32G4xx_HAL_Driver/Src/stm32g4xx_hal_uart.o
 .debug_ranges  0x00000000000009e0       0x78 Drivers/STM32G4xx_HAL_Driver/Src/stm32g4xx_hal_uart_ex.o

.debug_macro    0x0000000000000000    0x2416c
 .debug_macro   0x0000000000000000      0x1d3 Core/Src/main.o
 .debug_macro   0x00000000000001d3      0xa5a Core/Src/main.o
 .debug_macro   0x0000000000000c2d      0x15b Core/Src/main.o
 .debug_macro   0x0000000000000d88       0x2e Core/Src/main.o
 .debug_macro   0x0000000000000db6       0x28 Core/Src/main.o
 .debug_macro   0x0000000000000dde       0x22 Core/Src/main.o
 .debug_macro   0x0000000000000e00       0x8e Core/Src/main.o
 .debug_macro   0x0000000000000e8e       0x51 Core/Src/main.o
 .debug_macro   0x0000000000000edf       0xef Core/Src/main.o
 .debug_macro   0x0000000000000fce       0x6a Core/Src/main.o
 .debug_macro   0x0000000000001038      0x1df Core/Src/main.o
 .debug_macro   0x0000000000001217       0x1c Core/Src/main.o
 .debug_macro   0x0000000000001233       0x22 Core/Src/main.o
 .debug_macro   0x0000000000001255      0x101 Core/Src/main.o
 .debug_macro   0x0000000000001356     0x1011 Core/Src/main.o
 .debug_macro   0x0000000000002367      0x11f Core/Src/main.o
 .debug_macro   0x0000000000002486    0x18597 Core/Src/main.o
 .debug_macro   0x000000000001aa1d       0x43 Core/Src/main.o
 .debug_macro   0x000000000001aa60     0x34ed Core/Src/main.o
 .debug_macro   0x000000000001df4d      0x174 Core/Src/main.o
 .debug_macro   0x000000000001e0c1       0x5a Core/Src/main.o
 .debug_macro   0x000000000001e11b     0x16e0 Core/Src/main.o
 .debug_macro   0x000000000001f7fb      0x600 Core/Src/main.o
 .debug_macro   0x000000000001fdfb      0x137 Core/Src/main.o
 .debug_macro   0x000000000001ff32      0x34b Core/Src/main.o
 .debug_macro   0x000000000002027d      0x53c Core/Src/main.o
 .debug_macro   0x00000000000207b9      0x18b Core/Src/main.o
 .debug_macro   0x0000000000020944       0x43 Core/Src/main.o
 .debug_macro   0x0000000000020987      0x23d Core/Src/main.o
 .debug_macro   0x0000000000020bc4      0x212 Core/Src/main.o
 .debug_macro   0x0000000000020dd6      0x6af Core/Src/main.o
 .debug_macro   0x0000000000021485      0x45c Core/Src/main.o
 .debug_macro   0x00000000000218e1      0x11c Core/Src/main.o
 .debug_macro   0x00000000000219fd      0x122 Core/Src/main.o
 .debug_macro   0x0000000000021b1f      0x3d1 Core/Src/main.o
 .debug_macro   0x0000000000021ef0      0x662 Core/Src/main.o
 .debug_macro   0x0000000000022552       0xa6 Core/Src/main.o
 .debug_macro   0x00000000000225f8      0x359 Core/Src/main.o
 .debug_macro   0x0000000000022951       0x5e Core/Src/main.o
 .debug_macro   0x00000000000229af      0x1d3 Core/Src/stm32g4xx_hal_msp.o
 .debug_macro   0x0000000000022b82      0x1dd Core/Src/stm32g4xx_it.o
 .debug_macro   0x0000000000022d5f      0x1ca Core/Src/system_stm32g4xx.o
 .debug_macro   0x0000000000022f29      0x212 Drivers/STM32G4xx_HAL_Driver/Src/stm32g4xx_hal.o
 .debug_macro   0x000000000002313b      0x1c4 Drivers/STM32G4xx_HAL_Driver/Src/stm32g4xx_hal_cortex.o
 .debug_macro   0x00000000000232ff      0x2d6 Drivers/STM32G4xx_HAL_Driver/Src/stm32g4xx_hal_fdcan.o
 .debug_macro   0x00000000000235d5      0x1fc Drivers/STM32G4xx_HAL_Driver/Src/stm32g4xx_hal_gpio.o
 .debug_macro   0x00000000000237d1      0x1ee Drivers/STM32G4xx_HAL_Driver/Src/stm32g4xx_hal_pwr_ex.o
 .debug_macro   0x00000000000239bf      0x200 Drivers/STM32G4xx_HAL_Driver/Src/stm32g4xx_hal_rcc.o
 .debug_macro   0x0000000000023bbf      0x1ee Drivers/STM32G4xx_HAL_Driver/Src/stm32g4xx_hal_rcc_ex.o
 .debug_macro   0x0000000000023dad      0x1ef Drivers/STM32G4xx_HAL_Driver/Src/stm32g4xx_hal_uart.o
 .debug_macro   0x0000000000023f9c      0x1d0 Drivers/STM32G4xx_HAL_Driver/Src/stm32g4xx_hal_uart_ex.o

.debug_line     0x0000000000000000     0x8298
 .debug_line    0x0000000000000000      0x772 Core/Src/main.o
 .debug_line    0x0000000000000772      0x6ff Core/Src/stm32g4xx_hal_msp.o
 .debug_line    0x0000000000000e71      0x756 Core/Src/stm32g4xx_it.o
 .debug_line    0x00000000000015c7      0x6ba Core/Src/system_stm32g4xx.o
 .debug_line    0x0000000000001c81       0x89 Core/Startup/startup_stm32g474retx.o
 .debug_line    0x0000000000001d0a      0x940 Drivers/STM32G4xx_HAL_Driver/Src/stm32g4xx_hal.o
 .debug_line    0x000000000000264a      0x9c8 Drivers/STM32G4xx_HAL_Driver/Src/stm32g4xx_hal_cortex.o
 .debug_line    0x0000000000003012      0xe73 Drivers/STM32G4xx_HAL_Driver/Src/stm32g4xx_hal_fdcan.o
 .debug_line    0x0000000000003e85      0x842 Drivers/STM32G4xx_HAL_Driver/Src/stm32g4xx_hal_gpio.o
 .debug_line    0x00000000000046c7      0xa2b Drivers/STM32G4xx_HAL_Driver/Src/stm32g4xx_hal_pwr_ex.o
 .debug_line    0x00000000000050f2      0x97f Drivers/STM32G4xx_HAL_Driver/Src/stm32g4xx_hal_rcc.o
 .debug_line    0x0000000000005a71      0xbb9 Drivers/STM32G4xx_HAL_Driver/Src/stm32g4xx_hal_rcc_ex.o
 .debug_line    0x000000000000662a     0x135d Drivers/STM32G4xx_HAL_Driver/Src/stm32g4xx_hal_uart.o
 .debug_line    0x0000000000007987      0x911 Drivers/STM32G4xx_HAL_Driver/Src/stm32g4xx_hal_uart_ex.o

.debug_str      0x0000000000000000    0xe7a34
 .debug_str     0x0000000000000000    0xe4245 Core/Src/main.o
                                      0xe45c1 (size before relaxing)
 .debug_str     0x00000000000e4245       0x83 Core/Src/stm32g4xx_hal_msp.o
                                      0xe3b26 (size before relaxing)
 .debug_str     0x00000000000e42c8       0xd2 Core/Src/stm32g4xx_it.o
                                      0xe320c (size before relaxing)
 .debug_str     0x00000000000e439a       0xc6 Core/Src/system_stm32g4xx.o
                                      0xe31ea (size before relaxing)
 .debug_str     0x00000000000e4460       0x36 Core/Startup/startup_stm32g474retx.o
                                         0x67 (size before relaxing)
 .debug_str     0x00000000000e4496      0x59b Drivers/STM32G4xx_HAL_Driver/Src/stm32g4xx_hal.o
                                      0xe3e7b (size before relaxing)
 .debug_str     0x00000000000e4a31      0x389 Drivers/STM32G4xx_HAL_Driver/Src/stm32g4xx_hal_cortex.o
                                      0xe3b83 (size before relaxing)
 .debug_str     0x00000000000e4dba     0x121b Drivers/STM32G4xx_HAL_Driver/Src/stm32g4xx_hal_fdcan.o
                                      0xe4741 (size before relaxing)
 .debug_str     0x00000000000e5fd5      0x21c Drivers/STM32G4xx_HAL_Driver/Src/stm32g4xx_hal_gpio.o
                                      0xe3443 (size before relaxing)
 .debug_str     0x00000000000e61f1      0x4d2 Drivers/STM32G4xx_HAL_Driver/Src/stm32g4xx_hal_pwr_ex.o
                                      0xe36c9 (size before relaxing)
 .debug_str     0x00000000000e66c3      0x3d1 Drivers/STM32G4xx_HAL_Driver/Src/stm32g4xx_hal_rcc.o
                                      0xe3775 (size before relaxing)
 .debug_str     0x00000000000e6a94      0x3fb Drivers/STM32G4xx_HAL_Driver/Src/stm32g4xx_hal_rcc_ex.o
                                      0xe38b7 (size before relaxing)
 .debug_str     0x00000000000e6e8f      0x918 Drivers/STM32G4xx_HAL_Driver/Src/stm32g4xx_hal_uart.o
                                      0xe3fa4 (size before relaxing)
 .debug_str     0x00000000000e77a7      0x28d Drivers/STM32G4xx_HAL_Driver/Src/stm32g4xx_hal_uart_ex.o
                                      0xe37a7 (size before relaxing)

.comment        0x0000000000000000       0x7b
 .comment       0x0000000000000000       0x7b Core/Src/main.o
                                         0x7c (size before relaxing)
 .comment       0x000000000000007b       0x7c Core/Src/stm32g4xx_hal_msp.o
 .comment       0x000000000000007b       0x7c Core/Src/stm32g4xx_it.o
 .comment       0x000000000000007b       0x7c Core/Src/system_stm32g4xx.o
 .comment       0x000000000000007b       0x7c Drivers/STM32G4xx_HAL_Driver/Src/stm32g4xx_hal.o
 .comment       0x000000000000007b       0x7c Drivers/STM32G4xx_HAL_Driver/Src/stm32g4xx_hal_cortex.o
 .comment       0x000000000000007b       0x7c Drivers/STM32G4xx_HAL_Driver/Src/stm32g4xx_hal_fdcan.o
 .comment       0x000000000000007b       0x7c Drivers/STM32G4xx_HAL_Driver/Src/stm32g4xx_hal_gpio.o
 .comment       0x000000000000007b       0x7c Drivers/STM32G4xx_HAL_Driver/Src/stm32g4xx_hal_pwr_ex.o
 .comment       0x000000000000007b       0x7c Drivers/STM32G4xx_HAL_Driver/Src/stm32g4xx_hal_rcc.o
 .comment       0x000000000000007b       0x7c Drivers/STM32G4xx_HAL_Driver/Src/stm32g4xx_hal_rcc_ex.o
 .comment       0x000000000000007b       0x7c Drivers/STM32G4xx_HAL_Driver/Src/stm32g4xx_hal_uart.o
 .comment       0x000000000000007b       0x7c Drivers/STM32G4xx_HAL_Driver/Src/stm32g4xx_hal_uart_ex.o

.debug_frame    0x0000000000000000     0x2e38
 .debug_frame   0x0000000000000000       0xf8 Core/Src/main.o
 .debug_frame   0x00000000000000f8       0xc4 Core/Src/stm32g4xx_hal_msp.o
 .debug_frame   0x00000000000001bc      0x128 Core/Src/stm32g4xx_it.o
 .debug_frame   0x00000000000002e4       0x58 Core/Src/system_stm32g4xx.o
 .debug_frame   0x000000000000033c      0x4a0 Drivers/STM32G4xx_HAL_Driver/Src/stm32g4xx_hal.o
 .debug_frame   0x00000000000007dc      0x498 Drivers/STM32G4xx_HAL_Driver/Src/stm32g4xx_hal_cortex.o
 .debug_frame   0x0000000000000c74      0x9b0 Drivers/STM32G4xx_HAL_Driver/Src/stm32g4xx_hal_fdcan.o
 .debug_frame   0x0000000000001624      0x14c Drivers/STM32G4xx_HAL_Driver/Src/stm32g4xx_hal_gpio.o
 .debug_frame   0x0000000000001770      0x4fc Drivers/STM32G4xx_HAL_Driver/Src/stm32g4xx_hal_pwr_ex.o
 .debug_frame   0x0000000000001c6c      0x23c Drivers/STM32G4xx_HAL_Driver/Src/stm32g4xx_hal_rcc.o
 .debug_frame   0x0000000000001ea8      0x2ac Drivers/STM32G4xx_HAL_Driver/Src/stm32g4xx_hal_rcc_ex.o
 .debug_frame   0x0000000000002154      0xa0c Drivers/STM32G4xx_HAL_Driver/Src/stm32g4xx_hal_uart.o
 .debug_frame   0x0000000000002b60      0x22c Drivers/STM32G4xx_HAL_Driver/Src/stm32g4xx_hal_uart_ex.o
 .debug_frame   0x0000000000002d8c       0x2c /opt/st/stm32cubeide_1.4.0/plugins/com.st.stm32cube.ide.mcu.externaltools.gnu-tools-for-stm32.7-2018-q2-update.linux64_1.4.0.202007081208/tools/bin/../lib/gcc/arm-none-eabi/7.3.1/../../../../arm-none-eabi/lib/thumb/v7e-m/fpv4-sp/hard/libc_nano.a(lib_a-init.o)
 .debug_frame   0x0000000000002db8       0x20 /opt/st/stm32cubeide_1.4.0/plugins/com.st.stm32cube.ide.mcu.externaltools.gnu-tools-for-stm32.7-2018-q2-update.linux64_1.4.0.202007081208/tools/bin/../lib/gcc/arm-none-eabi/7.3.1/../../../../arm-none-eabi/lib/thumb/v7e-m/fpv4-sp/hard/libc_nano.a(lib_a-memset.o)
 .debug_frame   0x0000000000002dd8       0x2c /opt/st/stm32cubeide_1.4.0/plugins/com.st.stm32cube.ide.mcu.externaltools.gnu-tools-for-stm32.7-2018-q2-update.linux64_1.4.0.202007081208/tools/bin/../lib/gcc/arm-none-eabi/7.3.1/thumb/v7e-m/fpv4-sp/hard/libgcc.a(_aeabi_uldivmod.o)
 .debug_frame   0x0000000000002e04       0x34 /opt/st/stm32cubeide_1.4.0/plugins/com.st.stm32cube.ide.mcu.externaltools.gnu-tools-for-stm32.7-2018-q2-update.linux64_1.4.0.202007081208/tools/bin/../lib/gcc/arm-none-eabi/7.3.1/thumb/v7e-m/fpv4-sp/hard/libgcc.a(_udivmoddi4.o)
